LTspice 24.1.9 for Windows
Circuit: C:\users\riccards\Desktop\Projects\electronics\overload-amp\spice\amp.net
Start Time: Sun Nov  2 10:35:10 2025
solver = Normal
Maximum thread count: 4
tnom = 27
temp = 27
method = trap
Direct Newton iteration failed to find .op point.  (Use ".option noopiter" to skip.)
Starting Gmin stepping
Gmin = 10
Gmin = 1.07374
Gmin = 0.115292
Gmin = 0.0123794
Gmin = 0.00132923
Gmin = 0.000142725
Gmin = 1.5325e-05
Gmin = 1.6455e-06
Gmin = 1.76685e-07
Gmin = 1.89714e-08
Gmin = 2.03704e-09
Gmin = 2.18725e-10
Gmin = 2.34854e-11
Gmin = 2.52173e-12
Gmin = 2.70769e-13
Gmin = 0
Gmin stepping succeeded in finding the operating point.

Total elapsed time: 0.424 seconds.

Files loaded:
C:\users\riccards\Desktop\Projects\electronics\overload-amp\spice\amp.net
C:\users\riccards\AppData\Local\LTspice\lib\cmp\standard.bjt

Fourier components of V(in)
N-Period=1
DC component:1.75119e-08

Harmonic	Frequency	 Fourier 	Normalized	 Phase  	Normalized
 Number 	  [Hz]   	Component	 Component	[degree]	Phase [deg]
    1   	 1.000e+03	 7.000e-01	 1.000e+00	   90.00°	    0.00°
    2   	 2.000e+03	 2.783e-08	 3.976e-08	   35.43°	  -54.57°
    3   	 3.000e+03	 2.003e-07	 2.862e-07	   86.46°	   -3.54°
    4   	 4.000e+03	 2.474e-08	 3.534e-08	   83.93°	   -6.07°
    5   	 5.000e+03	 3.273e-07	 4.676e-07	   92.62°	    2.62°
    6   	 6.000e+03	 5.055e-08	 7.222e-08	  138.24°	   48.24°
    7   	 7.000e+03	 4.469e-07	 6.385e-07	   97.04°	    7.04°
    8   	 8.000e+03	 9.595e-08	 1.371e-07	  160.20°	   70.20°
    9   	 9.000e+03	 5.577e-07	 7.968e-07	  100.99°	   10.99°
Partial Harmonic Distortion: 0.000117%
Total Harmonic Distortion:   0.000000%

Fourier components of  V(out)
N-Period=1
DC component:-0.356316

Harmonic	Frequency	 Fourier 	Normalized	 Phase  	Normalized
 Number 	  [Hz]   	Component	 Component	[degree]	Phase [deg]
    1   	 1.000e+03	 1.399e+01	 1.000e+00	   90.00°	    0.00°
    2   	 2.000e+03	 2.349e-04	 1.678e-05	   -8.76°	  -98.76°
    3   	 3.000e+03	 5.356e-04	 3.827e-05	  -94.81°	 -184.81°
    4   	 4.000e+03	 1.136e-04	 8.117e-06	 -175.69°	 -265.69°
    5   	 5.000e+03	 4.853e-04	 3.468e-05	  -95.96°	 -185.97°
    6   	 6.000e+03	 3.974e-05	 2.839e-06	 -168.21°	 -258.21°
    7   	 7.000e+03	 3.320e-04	 2.372e-05	  -98.53°	 -188.54°
    8   	 8.000e+03	 1.969e-05	 1.407e-06	 -156.32°	 -246.32°
    9   	 9.000e+03	 2.461e-04	 1.758e-05	 -101.41°	 -191.41°
Partial Harmonic Distortion: 0.006243%
Total Harmonic Distortion:   0.000000%

